// Jest Snapshot v1, https://goo.gl/fbAQLP

exports[`renders correctly 1`] = `
<View
  style={
    {
      "borderBottomColor": "#b8bfc4",
      "borderBottomWidth": 1,
      "display": "flex",
      "flexDirection": "row",
      "height": 70,
      "width": "100%",
    }
  }
>
  <View
    style={
      {
        "display": "flex",
        "flexDirection": "column",
        "padding": 16,
      }
    }
  >
    <Text
      style={
        {
          "fontSize": 18,
          "fontWeight": "700",
        }
      }
    >
       
      5
      /
      5
       
    </Text>
    <Text>
       Available 
    </Text>
  </View>
  <View
    style={
      {
        "display": "flex",
        "flexDirection": "column",
        "flexGrow": 1,
        "padding": 16,
      }
    }
  >
    <View
      style={
        {
          "display": "flex",
          "flexDirection": "row",
        }
      }
    >
      <Text
        style={
          {
            "color": "#383d3f",
            "fontSize": 12,
          }
        }
      >
        Loughborough to...
         
      </Text>
    </View>
    <Text
      style={
        {
          "color": "#383d3f",
          "fontSize": 12,
        }
      }
    >
      LE11 EC3, UK
    </Text>
  </View>
  <View
    style={
      {
        "alignItems": "center",
        "backgroundColor": "#e6ebee",
        "borderBottomRightRadius": 0,
        "borderTopRightRadius": 0,
        "display": "flex",
        "flexDirection": "column",
        "overflow": "hidden",
        "padding": 16,
        "width": 80,
        "zIndex": 2,
      }
    }
  >
    <Text>
      780m
    </Text>
  </View>
</View>
`;
